Verifier: gov_check_compliance
Repository: /Users/theorycloud/AgentSpace/factory/products/frameworks/FaceTheory
Rubric ID: CMP-1

ci-rubric: PASS
ci-trigger-parity: PASS
To /private/var/folders/px/kdf8vn8x5297c4h8720rdzw80000gn/T/tmp.x73V4GD3xK/publish-remote.git
 * [new branch]      origin/main -> premain
To /private/var/folders/px/kdf8vn8x5297c4h8720rdzw80000gn/T/tmp.x73V4GD3xK/publish-remote.git
 * [new branch]      origin/main -> staging
To /private/var/folders/px/kdf8vn8x5297c4h8720rdzw80000gn/T/tmp.x73V4GD3xK/preserve-remote.git
 * [new branch]      origin/main -> premain
test-ensure-release-branches: PASS
test-verify-release-draft-target: PASS
test-check-release-baseline-ready: PASS
test-resolve-release-source-ref: PASS
test-publish-draft-release-assets: PASS
test-verify-release-readiness: PASS
test-release-workflow-changelog-preservation: PASS
test-verify-npm-audit: PASS
test-verify-ci-install-hardening: PASS
test-verify-ci-trigger-parity: PASS
test-verify-theorycloud-publish-install: PASS
release-python-isolation: PASS
test-verify-release-python-isolation: PASS
test-verify-pages-deploy-tag: PASS
release-publish-binding: PASS (3 publication sites)
test-verify-release-publish-binding: PASS
