Verifier: gov_check_maintainability
Repository: /Users/theorycloud/AgentSpace/factory/products/frameworks/FaceTheory
Rubric ID: MAI-1

npm warn Unknown project config "allow-remote". This will stop working in the next major version of npm.
npm warn EBADENGINE Unsupported engine {
npm warn EBADENGINE   package: '@asamuzakjp/css-color@7.0.1',
npm warn EBADENGINE   required: { node: '^22.22.2 || ^24.15.0 || >=26.0.0' },
npm warn EBADENGINE   current: { node: 'v24.13.1', npm: '11.8.0' }
npm warn EBADENGINE }
npm warn EBADENGINE Unsupported engine {
npm warn EBADENGINE   package: '@asamuzakjp/dom-selector@9.2.1',
npm warn EBADENGINE   required: { node: '^22.22.2 || ^24.15.0 || >=26.0.0' },
npm warn EBADENGINE   current: { node: 'v24.13.1', npm: '11.8.0' }
npm warn EBADENGINE }
npm warn EBADENGINE Unsupported engine {
npm warn EBADENGINE   package: 'jsdom@30.1.1',
npm warn EBADENGINE   required: { node: '^22.22.2 || ^24.15.0 || >=26.0.0' },
npm warn EBADENGINE   current: { node: 'v24.13.1', npm: '11.8.0' }
npm warn EBADENGINE }
npm warn EBADENGINE Unsupported engine {
npm warn EBADENGINE   package: 'w3c-xmlserializer@6.0.0',
npm warn EBADENGINE   required: { node: '^22.22.2 || ^24.15.0 || >=26.0.0' },
npm warn EBADENGINE   current: { node: 'v24.13.1', npm: '11.8.0' }
npm warn EBADENGINE }
npm warn Unknown project config "allow-remote". This will stop working in the next major version of npm.
ts-pack: PASS (theory-cloud-facetheory-4.2.0.tgz)
