Verifier: gov_check_quality
Repository: /home/aron/ai-workspace/codebases/theory.cloud/factory/products/frameworks/FaceTheory
Rubric ID: QUA-1

Installing TypeScript dependencies from ts/package-lock.json

added 417 packages in 3s
cd ts && npm run typecheck
npm notice run @theory-cloud/facetheory@4.2.0 typecheck
npm notice run npm run build && tsc -p tsconfig.json --noEmit
npm notice run @theory-cloud/facetheory@4.2.0 build
npm notice run tsc -p tsconfig.build.json && node scripts/copy-svelte-sources.mjs
cd ts && npm run lint
npm notice run @theory-cloud/facetheory@4.2.0 lint
npm notice run eslint . --max-warnings=0 && npm run verify:svelte:runes:self-test && npm run verify:svelte:runes
npm notice run @theory-cloud/facetheory@4.2.0 verify:svelte:runes:self-test
npm notice run bash scripts/verify-svelte-runes.sh --self-test
✓ verify-svelte-runes self-test: pass fixture, all legacy syntax failures, and fail-closed source discovery are covered.
npm notice run @theory-cloud/facetheory@4.2.0 verify:svelte:runes
npm notice run bash scripts/verify-svelte-runes.sh
✓ verify-svelte-runes: all Svelte components under /home/aron/ai-workspace/codebases/theory.cloud/factory/products/frameworks/FaceTheory/ts/src use Svelte 5 runes (no legacy syntax).
cd ts && npm test
npm notice run @theory-cloud/facetheory@4.2.0 test
npm notice run npm run build && npm run test:unit
npm notice run @theory-cloud/facetheory@4.2.0 build
npm notice run tsc -p tsconfig.build.json && node scripts/copy-svelte-sources.mjs
npm notice run @theory-cloud/facetheory@4.2.0 test:unit
npm notice run tsx test/run-unit.ts
FaceTheory unit test files discovered: 68
✔ adapter pipeline: modeUsesRuntimeHydrationSidecars preserves current modes (0.38203ms)
✔ adapter pipeline: assembleFaceRenderResult preserves deterministic tag order (0.431379ms)
✔ adapter pipeline: runs prepare, wrap, render, contribute, finalize, enforce in order (0.292163ms)
✔ antd coverage: SSR renders representative components with styles in head (98.556862ms)
✔ antd coverage: hydrates without className mismatch warnings (123.32339ms)
✔ antd integration: extracts SSR styles (and applies CSP nonce) (23.224937ms)
✔ antd integration: merges base theme + overrides (PayTheory theme pattern) (2.489747ms)
✔ antd integration: shared instances stay isolated across overlapping renders (59.034682ms)
✔ antd integration: strict CSP rejects inline style extraction (5.86637ms)
✔ FaceApp: renders HTML with title (1.720787ms)
✔ FaceApp: strict CSP allows same-origin absolute canonical links from the request origin (0.808809ms)
✔ FaceApp: strict CSP rejects cross-origin absolute head links from the request origin (0.352621ms)
✔ FaceApp: strict CSP continues to allow relative head links (0.273143ms)
✔ FaceApp: FaceTheory original host wins over AppTheory and spoofed generic headers (0.261053ms)
✔ FaceApp: normalizes a trailing DNS root dot in the trusted original host (0.221655ms)
✔ FaceApp: normalizes a trailing DNS root dot in both host and canonical URL (0.208695ms)
✔ FaceApp: rejects a second trailing DNS root dot in a canonical URL (0.213035ms)
✔ FaceApp: rejects a second trailing DNS root dot in the request host (0.253634ms)
✔ FaceApp: trailing-dot normalization still rejects a cross-host canonical URL (0.252634ms)
✔ FaceApp: AppTheory path rejects a spoofed generic origin (0.196995ms)
✔ FaceApp: AppTheory original host is the compatibility fallback (0.206265ms)
✔ FaceApp: trusted generic proxy uses rightmost forwarded values (0.188535ms)
✔ FaceApp: trusted generic proxy uses rightmost values across header array elements (0.172295ms)
✔ FaceApp: host fallback uses rightmost values across flattened header shapes (0.250423ms)
✔ FaceApp: canonicalOrigin overrides all request-derived headers (0.180756ms)
▶ FaceApp: malformed AppTheory origin headers fail closed without generic fallback
  ✔ rejects userinfo (0.183575ms)
  ✔ rejects path (0.103957ms)
  ✔ rejects query (0.093817ms)
  ✔ rejects fragment (0.089937ms)
  ✔ rejects protocol (0.086048ms)
✔ FaceApp: malformed AppTheory origin headers fail closed without generic fallback (0.822789ms)
✔ FaceApp: missing CloudFront protocol reports the trusted header-pair cause (0.207645ms)
✔ FaceApp: canonicalOrigin rejects non-origin URLs and a lone DNS root (0.234834ms)
✔ FaceApp: typed FaceModule load data flows into render (0.218945ms)
✔ FaceApp: validates face contracts at construction (0.105618ms)
✔ FaceApp: enforces face contract gaps at construction (0.385391ms)
✔ FaceApp: strict trailing-slash policy preserves current 404 behavior (0.143957ms)
✔ FaceApp: redirect trailing-slash policy returns a 308 canonical URL (0.188835ms)
✔ FaceApp: normalize trailing-slash policy matches both silently (0.160346ms)
✔ FaceApp: propagates x-request-id and injects one when missing (0.177386ms)
✔ FaceApp: load/render errors return deterministic 500 HTML (0.198094ms)
✔ FaceApp: merges set-cookie header values and cookies array without joining (0.420889ms)
✔ FaceApp: parses query from path when request.query is omitted (0.184085ms)
✔ FaceApp: parses request cookies from cookie headers by default (0.129267ms)
✔ FaceApp: emits document shell attrs through the public render contract (0.114087ms)
✔ FaceApp: strict CSP validates body HTML before returning a response (0.38516ms)
✔ FaceApp: strict SSR inline hydration is served from framework sidecars (1.449993ms)
✔ FaceApp: strict SSR Vite hydration uses the same framework sidecar path (1.074843ms)
✔ FaceApp: caller-managed strict external hydration is preserved (0.265784ms)
✔ FaceApp: default sidecar variant ignores arbitrary cookie drift (0.495898ms)
✔ FaceApp: custom sidecar requestVariant fails closed for mismatched cookie variants (0.624114ms)
✔ FaceApp: framework sidecar resource keeps precedence over broad faces (0.297942ms)
✔ FaceApp: framework sidecar resources reject structural caller route conflicts (0.452768ms)
✔ FaceApp: framework sidecar resource keeps precedence over broad caller resources (0.214704ms)
✔ FaceApp: non-strict routes preserve legacy inline body output (0.090017ms)
✔ parseCookiesFromHeaders: supports mixed case cookie header names (0.045249ms)
✔ parseQueryString: preserves special keys without prototype mutation (0.061308ms)
✔ parseCookiesFromHeaders: preserves special keys without prototype mutation (0.034939ms)
✔ FaceApp: onError receives original resource and sidecar exceptions (0.196325ms)
✔ FaceApp: streaming body error before first chunk falls back to buffered 500 (0.199025ms)
✔ apptheory adapter: buffered response matches FaceApp status/headers/cookies/body (2.916965ms)
✔ apptheory adapter: Lambda Function URL streaming yields head prefix chunk before body chunks (2.464047ms)
✔ aws-s3: getObject returns null on not-found errors (0.626924ms)
✔ aws-s3: getObject forwards body and etag (0.492328ms)
✔ aws-s3: putObject maps bucket/key/body/contentType/cacheControl/metadata (0.160376ms)
✔ client hydration loader: reads inline hydration before external links (41.818861ms)
✔ client hydration loader: treats spoofed inline markers as absent (20.709781ms)
✔ client hydration loader: fetches same-origin external hydration data (5.809812ms)
✔ client hydration loader: returns null when no hydration marker is present (4.520194ms)
✔ client hydration loader: rejects malformed inline hydration JSON (3.307086ms)
✔ client hydration loader: rejects cross-origin external hydration URLs before fetch (4.492485ms)
✔ client hydration loader: rejects unsafe and malformed external hydration URLs (0.223774ms)
✔ client hydration loader: rejects redirected cross-origin hydration responses (0.220485ms)
✔ client hydration loader: rejects invalid fetch response shapes (0.148306ms)
✔ client hydration loader: rejects non-JSON and invalid JSON responses (0.39646ms)
✔ client hydration beacon: reports opted-in hydrate failures with same-origin sendBeacon (5.07296ms)
✔ client hydration beacon: normalizes labels without regex-sensitive trimming (4.533845ms)
✔ client hydration beacon: falls back to same-origin keepalive fetch (8.290508ms)
✔ client hydration beacon: rejects cross-origin endpoints before wiring (5.516489ms)
✔ control-plane preset: relaxed mode is the default and strict CSP remains supported (2.399449ms)
✔ control-plane preset: strict mode opts into no-inline CSP and external assets (1.599249ms)
✔ control-plane preset: shell-first client-fill leaves section data off critical path (0.616385ms)
✔ control-plane preset: strict section endpoints emit no-inline CSP headers (0.40581ms)
✔ control-plane preset: strict section endpoints fail closed on unsafe fragments (0.39233ms)
✔ control-plane preset: rejects section reads without bounded tenant scope at app construction (0.267014ms)
✔ control-plane preset: streaming capability does not block first shell chunk on section data (0.651273ms)
✔ control-plane preset: gate rejection is buffered before any shell is returned (0.404279ms)
✔ control-plane asset registrar: serves ESM helper GET and HEAD through real Lambda serving path (0.352481ms)
✔ control-plane asset registrar: serves Tier B CSS externally in both modes (0.413579ms)
✔ control-plane guardrails: unconditional I4/I5/I10 fail in both CSP modes (0.173506ms)
✔ control-plane guardrails: relaxed mode tolerates antd-cssinjs while strict inline style fails (0.130386ms)
✔ control-plane boundary guardrails: current source keeps control-plane and Stitch host-owned (35.450364ms)
✔ control-plane boundary guardrails: blocks raw data/auth ownership in control-plane surfaces (0.264274ms)
✔ control-plane boundary guardrails: malformed whitespace-heavy imports scan quickly (3.293146ms)
✔ control-plane host-contract example uses opaque bounded tenant reads in SSR load (2.559935ms)
✔ control-plane host-contract example avoids client globals and time-varying reads (2.890616ms)
✔ control-plane sections report original load/render exceptions to onError (1.308856ms)
✔ facetheory create emits a React starter that typechecks (5533.548819ms)
✔ facetheory create emits Vue and Svelte starters that typecheck (10799.316511ms)
✔ facetheory create rejects non-empty target directories with a fix (0.890228ms)
✔ facetheory create emits a narrow allow-remote .npmrc for the pinned tarball dependencies (2.006828ms)
✔ facetheory create does not overwrite an existing .npmrc in the target directory (0.574005ms)
✔ vite dev server: Vite middleware serves dev assets before FaceApp routes (14.109847ms)
✔ vite dev server: loads the SSR entry through Vite for FaceApp requests (5.03781ms)
✔ vite dev server: sanitizes error responses without exposing stacks (2.446607ms)
✔ facetheory doctor passes for aligned React starter dependencies (7.675283ms)
✔ facetheory doctor reads the Node floor from package engines (3.48059ms)
✔ facetheory doctor explains the Svelte version floor (3.414532ms)
✔ facetheory doctor reports AppTheory/TableTheory override drift with a fix (2.654021ms)
✔ emotion integration: extracts SSR styles and preserves theme values (5.735822ms)
✔ emotion integration: can consume Ant Design tokens (portal pattern) (13.747977ms)
✔ emotion integration: shared instances stay isolated across overlapping renders (22.381774ms)
✔ emotion integration: strict CSP rejects inline style extraction (1.294257ms)
✔ examples integrity: blocking ISR handler executes and serves cache hits (6.662918ms)
✔ examples integrity: AppTheory Lambda URL streaming example handler executes (6.407545ms)
✔ examples integrity: React ISR handler regenerates then serves cache hits (9.405378ms)
✔ examples integrity: SPA navigation swaps Faces and loads each Face sidecar (70.377008ms)
✔ vite strict CSP react example: renders external assets and framework SSR hydration sidecars (422.350617ms)
✔ vite strict CSP vue example: renders external assets and framework SSR hydration sidecars (423.583411ms)
✔ vue SSG example: statically generates a real Vue tree with Vite assets and generateStaticParams (363.437557ms)
✔ head contracts: strict CSP policy and hydration shapes are additive (0.486228ms)
✔ head: charset meta then title, with dedupe (last wins) (0.300192ms)
✔ head helpers: emit typed tags through deterministic primitive ordering (0.344881ms)
✔ head helpers: title template requires an explicit placeholder (0.200015ms)
✔ head helpers: title template treats dollar sequences as literal title text (0.39033ms)
✔ head helpers: JSON-LD carries request nonce through strict CSP (0.79646ms)
✔ head helpers: strict JSON-LD fails closed without matching request nonce (0.125547ms)
✔ head helpers: structurally dedupe identical keyless JSON-LD tags (0.098808ms)
✔ head: structurally dedupes keyless meta link script and style tags (0.140727ms)
✔ head: applies CSP nonce to inline styles and hydration scripts (0.181425ms)
✔ head: external hydration emits metadata without inline JSON (0.109257ms)
✔ head: strict CSP rejects inline script, style, raw head, and unsafe attributes (0.164066ms)
✔ head: strict CSP allows external hydration with same-origin URLs (0.166836ms)
✔ head: strict CSP rejects cross-origin bootstrap and data URLs (0.139997ms)
✔ head: strict CSP allows same-origin relative and absolute script src/link href URLs (0.151426ms)
✔ head: strict CSP normalizes a dotted allowed origin for dotted and dotless URLs (0.117607ms)
✔ head: strict CSP rejects a second trailing DNS root dot on both origins (0.085548ms)
✔ head: strict CSP rejects unsafe and canonical cross-origin script src/link href URLs (0.117697ms)
✔ head: strict CSP rejects backslash and control-normalized cross-origin head URLs (0.151346ms)
✔ head: strict CSP fails closed for browser-cross-origin URLs without allowed origin (0.076018ms)
✔ head: strict CSP rejects backslash-normalized external hydration URLs (0.074808ms)
✔ head: escapes title and blocks unsafe hydration module URLs (0.066898ms)
✔ escapeHTML escapes basic characters (0.461088ms)
✔ safeJson escapes HTML-significant characters (0.118457ms)
✔ renderAttributes sorts, escapes, and omits falsey attrs (0.091427ms)
✔ renderHTMLDocument emits doctype (0.081018ms)
✔ renderHTMLDocument merges document shell attrs deterministically (0.083558ms)
✔ security: strict CSP header uses deterministic same-origin no-inline defaults (0.188265ms)
✔ security: strict CSP header can include a deterministic nonce (0.269973ms)
✔ security: strict CSP document validator rejects inline document scripts and styles (0.522206ms)
✔ security: strict CSP document validator rejects malformed script end tag bodies (0.161516ms)
✔ security: strict CSP document validator accepts only empty external script bodies (0.288122ms)
✔ security: strict CSP document validator rejects inline body attributes (0.157136ms)
✔ security: strict CSP document validator rejects slash-separated unsafe attributes (0.568495ms)
✔ isr: stale burst triggers one regeneration and waiters share result (60.686336ms)
✔ isr: in-memory invalidate deletes meta so the next request regenerates (1.132791ms)
✔ isr: regeneration failure serves stale and keeps pointer intact (0.639323ms)
✔ isr: expired lease does not deadlock regeneration (81.589839ms)
✔ isr: default cache key partitions by query strings (0.849288ms)
✔ isr: default tenant partition fails closed on tenant boundary headers (0.647683ms)
✔ isr: custom tenant boundary headers extend fail-closed defaults (0.251313ms)
✔ isr: malformed tenantBoundaryHeaders non-array input fails loudly at construction (0.115267ms)
✔ isr: malformed tenantBoundaryHeaders non-string entry fails loudly at construction (0.071758ms)
✔ isr: malformed varyCookies non-array input fails loudly at construction (0.131846ms)
✔ isr: malformed varyCookies non-string entry fails loudly at construction (0.067708ms)
✔ isr: malformed varyCookies empty array fails loudly at construction (0.047059ms)
✔ isr: null tenantKey does not count as an explicit tenant partition (0.202445ms)
✔ isr: null cacheKey does not count as an explicit tenant partition (0.112657ms)
✔ isr: null tenantKey and cacheKey does not count as an explicit tenant partition (0.145146ms)
✔ isr: tenantKey option partitions by a trusted header boundary (0.38201ms)
✔ isr: custom cacheKey is an explicit tenant boundary partition contract (0.337231ms)
✔ isr: default cache key partitions by auth headers and cookies without raw secrets (1.594458ms)
✔ isr: varyCookies allowlist scopes request variant cookie partitioning (0.37433ms)
✔ isr: metadata commits never include HTML body text (0.271343ms)
✔ isr: cache hits preserve status and content type from HTML metadata (0.431539ms)
✔ isr: metadata get failure serves last-known stale entry with degraded state (0.39618ms)
✔ isr: metadata get failure honors error policy instead of serving stale (0.275333ms)
✔ isr: metadata-failure last-known records evict least-recent cache keys (6.379276ms)
✔ isr: lease failure serves current stale entry with degraded state (0.297483ms)
✔ isr: metadata failure without a serveable entry returns 500 through onError (0.151616ms)
✔ isr: strict CSP hydration writes and serves pointer-derived sidecars (1.92679ms)
✔ isr: strict CSP cached HTML is validated before re-emitting stored bodies (0.613474ms)
✔ isr: strict CSP hydration sidecars are bound to tenant and auth variants (0.798989ms)
✔ isr: failed strict sidecar writes fail closed to stale HTML/data pairs (1.581329ms)
✔ isr: invalid strict sidecar tokens fail closed without rendering (0.154466ms)
✔ lambdaUrlEventToFaceRequest: maps Lambda URL event shape deterministically (1.139061ms)
✔ faceResponseToLambdaUrlResult: preserves set-cookie as separate values (0.242494ms)
✔ faceResponseToLambdaUrlResult: does not duplicate cookies when set-cookie is mirrored (0.094118ms)
✔ faceResponseToLambdaUrlResult: base64-encodes binary payloads when requested (0.085758ms)
✔ writeFaceResponseToLambdaWriter: writes head once before first body bytes (1.317326ms)
✔ writeFaceResponseToLambdaWriter: waits for drain when writes apply backpressure (2.934724ms)
✔ createLambdaUrlStreamingHandler: stops drain wait on raw stream close before drain (1.080002ms)
✔ createLambdaUrlStreamingHandler: stops drain wait on raw stream error before drain (0.42498ms)
✔ handleLambdaUrlEvent: serves emitted SSR hydration sidecar URL as raw JSON without rerendering (2.504945ms)
✔ createLambdaUrlStreamingHandler: applies headers once before streaming bytes (0.38929ms)
✔ createLambdaUrlStreamingHandler: writes strict CSP nonce metadata before streaming bytes (0.561726ms)
✔ navigation pending: reuses the FaceTheory SPA navigation classifier source (46.455643ms)
✔ navigation pending: shows an immediate status pill for accepted same-origin links (8.172319ms)
✔ navigation pending: never reuses a non-indicator element on id collision (6.463613ms)
✔ navigation pending: preserves native behavior for skipped link classifications (47.026948ms)
✔ navigation pending: observes form submits without taking submit authority (7.141916ms)
✔ navigation pending: prevented AJAX submits never surface pending state or aria-busy (17.930458ms)
✔ navigation pending: forms can opt out with data-facetheory-no-pending (4.561712ms)
✔ navigation pending: skips form submits that never navigate this document (51.423615ms)
✔ navigation pending: capture-phase submit classification survives app stopPropagation (4.169602ms)
✔ navigation pending: served bootstrap source keeps form handling observe-only (7.72957ms)
✔ navigation pending: clears pending UI on lifecycle cleanup events (12.842779ms)
✔ navigation pending: clearing marked links preserves nested DOM content (5.202586ms)
✔ navigation pending: marks reduced-motion status without adding motion itself (4.26762ms)
✔ oac form helpers: encode fields in order and hash exact bytes (1.200349ms)
✔ oac form helpers: collect successful controls and submitter in DOM order (48.927499ms)
✔ oac form helpers: reject file entries instead of stringifying them (6.024984ms)
✔ oac form helpers: compute lowercase SHA256 hex with Web Crypto (0.978994ms)
✔ oac form transport: intercepts marked same-origin POST forms with OAC headers (16.67225ms)
✔ oac form transport: forces redirect errors for mutating fetches (5.931387ms)
✔ oac form transport: binds the default browser fetch to window (9.075836ms)
✔ oac form transport: leaves unmarked and GET forms to native behavior (3.822472ms)
✔ oac form transport: rejects cross-origin actions before sending (6.928721ms)
✔ oac form transport: stops listening when controller is stopped (5.609906ms)
✔ oac form transport: preserves constraint validation before sending (5.81543ms)
✔ oac form transport: requires opt-in for non-native mutating methods (5.599546ms)
✔ oac form transport: fails closed for form-level multipart encoding (6.843234ms)
✔ oac form transport: fails closed for form-level text plain encoding (6.076004ms)
✔ oac form transport: fails closed for unknown form-level encoding (6.054774ms)
✔ oac form transport: submitter formenctype can opt back into URL encoding (4.886284ms)
✔ oac form transport: unknown submitter formenctype fails closed over form encoding (6.104653ms)
✔ oac form transport: submitter formenctype can fail closed over form encoding (6.121982ms)
✔ oac form transport: navigates same-origin redirected responses through the browser (6.350626ms)
✔ oac form transport: rejects cross-origin redirect targets (4.053045ms)
✔ oac form transport: rejects malformed redirect targets (4.734698ms)
✔ oac form transport: replaces the document for same-origin HTML responses (8.633637ms)
✔ oac form transport: refuses default document replacement when response CSP is present (5.289684ms)
✔ oac form transport: strict CSP defaults to full same-origin browser navigation (6.866533ms)
✔ oac form transport: explicit full-page policy navigates CSP-protected HTML through the browser (6.863223ms)
✔ oac form transport: SPA navigation policy loads external hydration before mutation (14.075977ms)
✔ oac form transport: refuses explicit SPA policy when response CSP is present (5.114398ms)
✔ oac form transport: SPA policy rejects unsafe hydration targets before mutation (6.540841ms)
✔ oac form transport: lets hosts override navigation outcomes (10.726144ms)
✔ operator visibility example renders deterministic SSR markers from load data (11.837515ms)
✔ operator visibility example source does not compute freshness during render (2.954814ms)
✔ ops: error class normalization avoids regex-sensitive trimming (0.434039ms)
✔ FaceApp: observability hooks receive request + ISR state + render duration (8.268147ms)
✔ FaceApp: request metrics tag deterministic render errors by class (0.302642ms)
✔ portal fixture harness: SSR renders portal-like components with AntD + Emotion styles (41.259096ms)
✔ portal fixture harness: hydrates without React mismatch warnings (119.169957ms)
﹣ portal reference: SSR + hydration renders real portal components (2.33041ms) # missing portal reference at /home/aron/ai-workspace/codebases/theory.cloud/factory/products/frameworks/FaceTheory/reference/paytheory-portal/src
✔ public package subpaths expose Vue and Svelte stitch modules to TypeScript consumers (0.326702ms)
✔ react adapter: streaming body renders and FaceApp wraps document (6.013515ms)
✔ react adapter: readiness callback fires for shell and all-ready (1.913771ms)
✔ react adapter: strict CSP streaming buffers safe all-ready output (1.497382ms)
✔ react adapter: strict CSP allows shell streaming with external styles only (0.486897ms)
✔ react adapter: strict CSP rejects shell streaming with finalize-time inline style integrations (0.423099ms)
✔ react adapter: renders ReactNode + head tags + hydration (4.718288ms)
✔ react adapter: renders non-element ReactNode (0.280353ms)
✔ react adapter: strict CSP emits external hydration without inline data (0.978895ms)
✔ react adapter: strict SSR sidecars serve the exact React hydration payload without rerendering (2.178063ms)
✔ react adapter: strict SSR without sidecar runtime fails closed before inline hydration succeeds (0.462368ms)
✔ react adapter: ISR strict CSP lets runtime externalize legacy hydration sidecars (5.986516ms)
✔ react adapter: SSG strict CSP lets build externalize legacy streaming hydration sidecars (12.088888ms)
✔ react adapter: strict CSP rejects inline hydration before head emission (0.466078ms)
✔ FaceApp resources: return raw FaceResponse bodies without document wrapping (1.229128ms)
✔ FaceApp resources: preserve deterministic route precedence beside faces (1.232698ms)
✔ FaceApp resources: more specific resources can coexist with dynamic faces (0.224964ms)
✔ FaceApp resources: duplicate face/resource routes fail closed (0.229134ms)
✔ FaceApp resources: ambiguous face/resource routes fail closed (0.136487ms)
✔ resource helpers: are exported from the public core surface (0.294153ms)
✔ resource helpers: JSON responses use safe serialization and stable headers (0.440099ms)
✔ resource helpers: text and empty responses set deterministic cache and content headers (0.154436ms)
✔ resource helpers: method-not-allowed responses canonicalize the Allow header (0.120207ms)
✔ resource helpers: reject unsafe JSON and header inputs (0.175015ms)
✔ FaceApp resources: helpers return raw method-not-allowed responses (0.179946ms)
✔ responsive primitives: contract declares neutral/react/vue/svelte parity and reduced-motion CSS (0.823289ms)
✔ responsive primitives: React adapter renders a11y contract without inline style (48.07012ms)
✔ responsive primitives: Vue adapter renders parity a11y contract without inline style (10.842581ms)
✔ responsive primitives: Svelte adapter renders parity a11y contract without inline style (85.377426ms)
✔ responsive primitives: Link href sanitizer rejects dangerous schemes and preserves safe URLs (0.151036ms)
✔ responsive primitives: Link helper reuses shared classifier and only intercepts accepted clicks (6.856793ms)
✔ responsive primitives: Button suppression and Link rel helpers are deterministic (0.142437ms)
✔ router: matches static before param before proxy (0.707582ms)
✔ router: proxy+ does not match empty (0.087878ms)
✔ router: supports {name+} catch-all params (0.081988ms)
✔ router: {name+} does not match empty (0.057808ms)
✔ router: proxy* matches empty (0.064168ms)
✔ router: {name*} matches empty (0.058999ms)
✔ router: strict trailing-slash policy preserves exact matching (0.070309ms)
✔ router: redirect trailing-slash policy exposes canonical redirect paths (0.080368ms)
✔ router: normalize trailing-slash policy matches both silently (0.072778ms)
✔ security: strict CSP extensions preserve byte-identical defaults (0.540296ms)
✔ security: strict CSP extensions append existing and new directives deterministically (0.202745ms)
✔ security: strict CSP extensions dedupe repeated source expressions (0.138206ms)
✔ security: strict CSP extensions reject unsafe-inline and unsafe-eval (0.272303ms)
✔ security: strict CSP extensions reject injection-shaped directives and values (0.101538ms)
✔ spa helpers: parse FaceTheory documents into navigation snapshots (49.327356ms)
✔ spa helpers: parse external hydration metadata without inline data (6.449494ms)
✔ spa helpers: treats spoofed inline hydration markers as absent (17.108429ms)
✔ spa helpers: load external hydration data before module hydration (5.663124ms)
✔ spa helpers: apply snapshots preserves the shell when a view container exists (9.672ms)
✔ spa helpers: startFaceNavigation intercepts links and invokes hydration hooks (12.757971ms)
✔ spa helpers: startFaceNavigation loads external hydration before DOM mutation (13.884901ms)
✔ spa helpers: startFaceNavigation can opt out of external hydration loading (7.705281ms)
✔ spa helpers: startFaceNavigation rejects cross-origin programmatic navigation (4.802616ms)
✔ spa helpers: startFaceNavigation rejects redirected cross-origin snapshots before DOM mutation (4.433046ms)
✔ spa helpers: startFaceNavigation rejects remote hydration modules before DOM mutation (5.43473ms)
✔ spa helpers: startFaceNavigation rejects cross-origin hydration data before DOM mutation (5.531437ms)
✔ spa helpers: startFaceNavigation fails closed on invalid external hydration data (5.763831ms)
✔ spa helpers: loadFaceNavigationModule rejects cross-origin bootstrap modules (4.114723ms)
✔ ssg: static + param routes produce deterministic files and manifest (17.242415ms)
✔ ssg: canonicalOrigin validates absolute canonical links during prerender (1.694446ms)
✔ ssg: missing canonicalOrigin identifies the prerender origin cause (1.381455ms)
✔ ssg: incremental builds skip unchanged route outputs (2.522555ms)
✔ ssg: concurrency defaults to serial and can be raised (59.395415ms)
✔ ssg: route failures are reported after successful pages write (1.93682ms)
✔ ssg cli: --concurrency reports isolated route failures as non-zero (3.10762ms)
✔ ssg cli: entrypoint exits non-zero for isolated route failures (64.840846ms)
✔ ssg cli: --incremental reports skipped unchanged pages (2.223532ms)
✔ ssg: denies network fetch by default (1.028814ms)
✔ ssg: rejects dot-segment params that would escape the output root (0.606844ms)
✔ ssg: allows explicit fetch mock (12.234775ms)
✔ ssg: strict CSP hydration emits canonical sidecar without inline data (3.10793ms)
✔ ssg: strict CSP preserves caller-managed external hydration sidecars (1.319776ms)
✔ ssg: strict CSP external hydration with undefined data does not serialize a sidecar (2.237182ms)
✔ ssg: non-strict hydration sidecars remain opt-in compatibility output (1.738355ms)
✔ SSR hydration sidecar store: writes safe JSON and returns a signed expiring URL token (1.716225ms)
✔ SSR hydration sidecars: emitted framework URL is reachable from the same FaceApp without rerendering (2.595423ms)
✔ SSR hydration sidecar store: rejects tampered tokens (0.41021ms)
✔ SSR hydration sidecar store: rejects expired and not-yet-valid tokens (0.243504ms)
✔ SSR hydration sidecar store: rejects wrong-variant and missing sidecar reads (0.280843ms)
✔ SSR hydration sidecar store: detects stored body tampering (0.199225ms)
✔ SSR hydration sidecar store: rejects malformed tokens and non-serializable top-level payloads (0.151647ms)
✔ SSR hydration sidecar helpers: expose stable public core primitives (0.091328ms)
✔ SSR hydration sidecar helpers: normalize slash-heavy prefixes linearly (0.549086ms)
✔ SSR hydration sidecar helpers: reject network-path data URL prefixes (0.183906ms)
✔ SSR hydration sidecar helpers: reject control characters in data URL prefixes (0.187155ms)
✔ SSR hydration sidecar helpers: reject control characters in object prefixes (0.136946ms)
✔ SSR hydration sidecar helpers: accept valid same-origin and object prefixes (0.170255ms)
✔ AuditTrailPanel renders groups + events with stable data attrs and safety footnote (15.133469ms)
✔ AuditTrailPanel group disclosure toggles carry aria-expanded + aria-controls (4.418696ms)
✔ AuditTrailPanel renders error event with role=alert (3.784352ms)
✔ AuditTrailPanel suppresses title/icon/body/metadata/externalLink for redacted events (3.616997ms)
✔ AuditTrailPanel drops javascript: external links and emits noopener+target=_blank on safe links (3.348213ms)
✔ AuditTrailPanel renders empty state with caller-supplied label (2.466496ms)
✔ AuditTrailPanel produces byte-identical SSR output for the same trail (11.539392ms)
✔ DisclosurePanel renders collapsed state with hidden content region (2.669871ms)
✔ DisclosurePanel renders expanded state with visible content region (2.148835ms)
✔ DisclosurePanel with status=error gets role=alert on the section (1.872432ms)
✔ DisclosurePanel is byte-identical across repeated SSR renders (3.362803ms)
✔ AuditTrail / DisclosurePanel fixtures do not leak production-like secrets into displayed surfaces (2.654151ms)
✔ PackageSourceInputPanel renders paste, dropzone, and upload modes with stable data attrs (13.361935ms)
✔ PackageSourceInputPanel renders invalid-syntax + unsafe errors with role=alert and evidence (2.786128ms)
✔ PackageSourceInputPanel renders forbidden error with role=alert + state label (2.195393ms)
✔ PackageSourceInputPanel only renders evidence for kind=invalid-syntax; forbidden/unsafe/other evidence is suppressed (2.3136ms)
✔ PackageSourceInputPanel never renders caller-supplied evidence for kind=redacted (2.040907ms)
✔ PackageSourceInputPanel renders ready state with file metadata (2.219222ms)
✔ PackageSourceInputPanel renders Clear/Replace/Copy as real keyboard-accessible buttons (2.240682ms)
✔ PackageSourceInputPanel produces byte-identical SSR output for the same input (4.569202ms)
✔ CodeDropzone renders state-labeled dropzone with file metadata and errors (2.582853ms)
✔ PackageSourceInputPanel fixtures contain no AWS keys or other production-like secrets in displayed surfaces (0.193745ms)
✔ SelectableCardGridPanel renders single-select as a radiogroup with stable data attrs (14.555804ms)
✔ SelectableCardGridPanel renders recommended, risk, and blocked TEXT pills (not color-only) (3.678525ms)
✔ SelectableCardGridPanel renders disabled-with-reason wired via aria-describedby (3.518719ms)
✔ SelectableCardGridPanel renders multi-select as a group of checkboxes (2.70012ms)
✔ SelectableCardGridPanel exposes each layout via data-layout (8.538199ms)
✔ SelectableCardGridPanel produces byte-identical SSR output for the same input (5.303582ms)
✔ ChoiceCard renders selected single-family card with role=radio + aria-checked (6.882512ms)
✔ ChoiceCard renders disabled card with aria-disabled and aria-describedby wiring (2.275111ms)
✔ SelectableCardGridPanel fixture contains no obvious production-like or secret values (0.158396ms)
✔ WizardAuthorityContextStripPanel renders caller-supplied items in order with stable data attributes (14.331769ms)
✔ WizardAuthorityContextStripPanel exposes data-layout for each of the four layout values (11.24545ms)
✔ WizardAuthorityContextStripPanel honours `wrap=false` on strip layout (2.70997ms)
✔ WizardAuthorityContextStripPanel honours each size token (7.819058ms)
✔ WizardAuthorityContextStripPanel renders accessible copy button with deterministic payload (2.454177ms)
✔ WizardAuthorityContextStripPanel uses item.copyValue when supplied instead of item.value (6.56634ms)
✔ WizardAuthorityContextStripPanel drops unsafe href schemes (2.370649ms)
✔ WizardAuthorityContextStripPanel renders empty state when no items are supplied (1.744075ms)
✔ WizardAuthorityContextStripPanel renders read-only and authority cues as text without relying on color (2.080597ms)
✔ WizardAuthorityContextStripPanel produces byte-identical SSR output for the same input (3.964747ms)
✔ WizardServerResolvedContextBarPanel alias renders the same DOM as WizardAuthorityContextStripPanel (3.689985ms)
✔ WizardAuthorityContextStripPanel renders the safety-policy footnote into the DOM (1.892371ms)
✔ WizardAuthorityContextStripPanel fixture contains no obvious production-like or secret values (0.100817ms)
✔ WizardEditableTokenInputPanel renders caller-supplied tokens in order with stable data attributes (13.366835ms)
✔ WizardEditableTokenInputPanel renders accessible Remove button for each token (2.850906ms)
✔ WizardEditableTokenInputPanel honours per-token metadata for tone, removability, and disabled (2.423828ms)
✔ WizardEditableTokenInputPanel Backspace honours per-token removability metadata (1.126981ms)
✔ WizardEditableTokenInputPanel renders tokenPrefix and draftValue (2.368709ms)
✔ WizardEditableTokenInputPanel renders validateToken-driven feedback with role="alert" (2.307681ms)
✔ WizardEditableTokenInputPanel surfaces duplicate feedback when allowDuplicates !== true (2.174414ms)
✔ WizardEditableTokenInputPanel does not surface duplicate feedback when allowDuplicates is true (2.134525ms)
✔ WizardEditableTokenInputPanel surfaces maxTokens feedback when at capacity (2.174164ms)
✔ WizardEditableTokenInputPanel prefers caller-supplied feedbackMessage over computed feedback (2.236262ms)
✔ WizardEditableTokenInputPanel labels disabled state as text and disables the input (2.266842ms)
✔ WizardEditableTokenInputPanel labels read-only state as text and disables Remove buttons (1.93562ms)
✔ WizardEditableTokenInputPanel renders empty-tokens placeholder when value is empty (5.257384ms)
✔ WizardEditableTokenInputPanel produces byte-identical SSR output for the same props (3.85462ms)
✔ WizardChipListPanel alias renders the same DOM as WizardEditableTokenInputPanel (3.600717ms)
✔ WizardEditableTokenInputPanel renders the safety-policy footnote into the DOM (1.820763ms)
✔ WizardEditableTokenInputPanel fixture contains no obvious production-like or secret values (0.101437ms)
✔ canonicalizeWizardReconciliationPlanKind normalizes alias kinds to canonical kinds (0.473088ms)
✔ WizardReconciliationPlanPanel renders caller-supplied rows in order with canonical + alias data attributes (14.129344ms)
✔ WizardReconciliationPlanPanel marks conflict/blocked/external rows as prominent and uses role="alert" (3.847691ms)
✔ WizardReconciliationPlanPanel expand/collapse uses real button + aria-expanded + aria-controls (3.49596ms)
✔ WizardReconciliationPlanPanel replaces detail values with redaction marker when row or detail is redacted (3.158798ms)
✔ WizardReconciliationPlanPanel renders caller-supplied per-kind counts verbatim (2.815597ms)
✔ WizardReconciliationPlanPanel produces byte-identical SSR output for the same input (5.494228ms)
✔ WizardDiffListPanel alias renders the same DOM as WizardReconciliationPlanPanel (5.100078ms)
✔ WizardReconciliationPlanPanel renders the empty state when no rows are supplied (2.302161ms)
✔ WizardProgress renders caller-supplied steps in order with stable status data attributes (13.124211ms)
✔ WizardProgress prefers caller-supplied progressLabel and renders the same SSR output twice (4.906313ms)
✔ WizardPackageSummaryPanel renders package totals and per-file metadata without computing values (2.638372ms)
✔ WizardPackageSummaryPanel renders empty-files state without inventing rows (2.057597ms)
✔ WizardFindingListPanel renders severity chips and per-finding evidence (2.591343ms)
✔ WizardReconcileSummaryPanel replaces sensitive details with a redaction marker (2.673141ms)
✔ WizardCapabilityReviewPanel suppresses sensitive details and hides redacted descriptions (2.478556ms)
✔ WizardEnablementChecklistPanel renders caller-supplied summary and all-ready assertion (2.422527ms)
✔ WizardRecoveryStatusPanel renders caller-supplied resume token label without emitting raw secrets (2.417448ms)
✔ WizardRecoveryStatusPanel marks failed state as an alert and renders the failed chip (1.843502ms)
✔ WizardEmptyState renders the wizard safety policy and the empty-state intent (1.869022ms)
✔ wizard primitives render identical SSR output across repeated invocations (30.482502ms)
✔ NonAuthoritativeBanner renders authority, provenance, confidence, and staleness metadata (13.470661ms)
✔ MetadataBadgeGroup renders provenance and correlation without computing freshness (2.748568ms)
✔ MetadataBadge blocks executable href protocols (2.105965ms)
✔ OperatorEmptyState renders explicit no-mock empty state intent (2.098786ms)
✔ GuardedOperatorShell renders authorized children only when authorized (1.965889ms)
✔ GuardedOperatorShell renders unauthorized state from caller-supplied guard status (1.997819ms)
✔ GuardedOperatorShell renders deterministic loading state (1.93365ms)
✔ GuardedOperatorShell renders deterministic error state (1.9318ms)
✔ HealthStatusPanel renders health states, API metadata, and stale markers (3.184097ms)
✔ HealthStatusPanel renders an explicit empty health state (2.089156ms)
✔ VisibilityMatrix renders entity dimensions with cell metadata and states (3.227216ms)
✔ VisibilityMatrix renders explicit empty matrix cells (5.568726ms)
✔ DataTable renders toolbar slots, rows, and the row-actions column (17.318912ms)
✔ DataTable renders the empty state when dataSource is empty (7.428088ms)
✔ PropertyGrid renders key/value pairs and respects span="full" (2.060226ms)
✔ DetailPanel renders title, description, actions, and a PropertyGrid (2.057567ms)
✔ SplitForm + FormRow render label/description/control + error region (1.960839ms)
✔ FormSection wraps FormRows with a heading and description (1.836682ms)
✔ StatusTag renders each variant with the correct class and default label (11.59948ms)
✔ StatusTag policy variants render their default labels (7.36074ms)
✔ StatusTag supports a custom label override (1.665007ms)
✔ DestructiveConfirm renders title, description, and default button labels (7.842067ms)
✔ DestructiveConfirm with requireText renders a guarded text input (9.26866ms)
✔ Tabs renders labels, count badges, and the active panel content (8.89734ms)
✔ Tabs uses defaultActiveKey when activeKey is omitted (4.552342ms)
✔ Tabs hides items flagged hidden (4.119763ms)
✔ FilterChip renders label, count, and a removal affordance (1.724835ms)
✔ FilterChipGroup lays out multiple chips with a trailing slot (1.851742ms)
✔ FilterChip omits the remove affordance when removable is false (1.535051ms)
✔ InlineKeyValueList renders dense label/value rows (1.698636ms)
✔ CopyableCode renders the code chip and a copy button (1.663987ms)
✔ CopyableCode separates visible content from copy payload via children (1.521621ms)
✔ LogStream plain variant renders each row with a level class (1.723866ms)
✔ LogStream terminal variant renders window chrome and a title (1.670427ms)
✔ stitch-hosted-auth shared core contract resolves deterministic values (0.843908ms)
✔ AuthPageLayout with gradient background applies Stitch signature gradient (11.95537ms)
✔ AuthPageLayout with surface background does not emit gradient (2.497825ms)
✔ AuthCard renders title, description, body, header action, and footer (8.49307ms)
✔ AuthFlowStepper marks the current step with aria-current (2.29407ms)
✔ AuthFlowSection renders eyebrow, title, description, and children (1.987559ms)
✔ PasskeyCTA applies gradient background and pill radius (7.893676ms)
✔ OTPInput wraps AntD Input.OTP with the Stitch class name (13.994598ms)
✔ OTPInput marked invalid adds the invalid class and error status (8.232687ms)
✔ ConsentList renders granted and ungranted ConsentItems distinctly (2.370929ms)
✔ AuthStateCard error variant uses the error container surface and role=alert (2.128135ms)
✔ AuthStateCard success variant omits role=alert and uses tertiary accent (1.701946ms)
✔ resolveActiveNav: exact path match selects the correct leaf (0.878568ms)
✔ resolveActiveNav: nested child is matched and breadcrumb walks up the group (0.105018ms)
✔ resolveActiveNav: longest-prefix wins when a sub-route is active (0.076228ms)
✔ resolveActiveNav: /partners/new beats /partners when path is /partners/new/foo (0.045079ms)
✔ resolveActiveNav: hidden items still participate in breadcrumb resolution (0.051119ms)
✔ resolveActiveNav: unmatched pathname returns empty result (0.045769ms)
✔ resolveActiveNav: React subpath re-exports the shared resolver (0.079408ms)
✔ Shell renders sidebar, topbar, and content region (32.370602ms)
✔ Shell hides nav items marked hidden (11.346437ms)
✔ Shell renders anchor nav items when no client navigation handler is provided (16.953502ms)
✔ PageFrame renders breadcrumb anchors without a client navigation handler (7.469827ms)
✔ Section renders title, description, actions, and children (3.678845ms)
✔ Panel uses CSS variables for surface + radius (1.997089ms)
✔ SummaryStrip wraps StatCards in a responsive grid (2.149714ms)
✔ StatCard delta trend colors bind to Stitch tokens (1.949999ms)
✔ Callout renders title, content, and an accent-bound variant class (1.94388ms)
✔ Callout danger variant takes role="alert" for assistive tech (2.061177ms)
✔ Callout info variant uses role="note" instead of alert (1.720506ms)
✔ Callout renders an actions slot when provided (1.707556ms)
✔ Topbar renders logo and surfaceLabel on the left edge in order (2.348359ms)
✔ Topbar omits logo/surfaceLabel wrappers when not provided (2.32537ms)
✔ Topbar omits wrappers when logo/surfaceLabel/left are falsy (false, null, "") (10.955426ms)
✔ Topbar omits wrappers when logo/surfaceLabel are arrays-of-falsies or empty fragments (6.856183ms)
✔ Topbar still renders wrappers when arrays / fragments contain renderable content (2.31973ms)
✔ Shell forwards topbarLogo and topbarSurfaceLabel into the Topbar (8.808932ms)
✔ BrandHeader renders logo + wordmark without a surface chip by default (1.817903ms)
✔ BrandHeader omits the surface chip when surfaceLabel is falsy (false, null, "") (4.434855ms)
✔ BrandHeader omits the surface chip for arrays-of-falsies and empty fragments (4.352347ms)
✔ BrandHeader renders a surface chip when surfaceLabel is provided (1.488041ms)
✔ BrandHeader surfaceTone normalizes to safe stitch CSS variable suffixes (1.578749ms)
✔ BrandHeader surfaceTone handles long separator runs safely (2.091406ms)
✔ BrandHeader falls back to neutral tokens when surfaceTone normalizes empty (2.246272ms)
✔ BrandHeader without surfaceTone falls back to neutral surface-container tokens (1.624908ms)
✔ BrandHeader composes with Topbar via the logo slot (2.239392ms)
✔ stitch-tokens: AntD theme binds primary palette (0.550286ms)
✔ stitch-tokens: AntD theme uses tonal surfaces as the layout base (0.081158ms)
✔ stitch-tokens: AntD theme enforces Stitch "no dividers" rule (0.063458ms)
✔ stitch-tokens: AntD theme drops shadows from buttons per Stitch design MD (0.059768ms)
✔ stitch-tokens: AntD theme binds menu selection to primary fixed (0.075238ms)
✔ stitch-tokens: AntD theme uses body font for the base font family (0.115247ms)
✔ stitch-tokens: AntD theme opts out of hashed + wireframe (0.78092ms)
✔ stitch-tokens: CSS vars emit kebab-case color names under default prefix (0.260153ms)
✔ stitch-tokens: CSS vars emit typography, radius, spacing, mode (0.116467ms)
✔ stitch-tokens: CSS vars honor custom prefix (0.212394ms)
✔ stitch-tokens: stitchCssVarsToRootBlock renders a valid :root block (0.171325ms)
✔ stitch-tokens: stitchCssVarsToRootBlock escapes style terminators (0.062418ms)
✔ stitch-tokens: React subpath re-exports the shared token helpers (0.197165ms)
✔ stitch-tokens: surface dimension is optional and omitted by default (0.070398ms)
✔ stitch-tokens: surface dimension emits --stitch-surface when set (0.065888ms)
✔ stitch-tokens: surface dimension honors custom prefix (0.113357ms)
✔ stitch-tokens: surface dimension accepts free-form strings (no enum) (0.057028ms)
✔ stitch-tokens: additionalPrefixes emits tokens under extra prefixes (0.113367ms)
✔ stitch-tokens: additionalPrefixes deduplicates when overlapping with primary (0.099017ms)
✔ stitch-tokens: additionalPrefixes carries through surface and typography (0.088268ms)
✔ stitch-tokens: built-in stitch-shell components read default --stitch- prefix (0.112947ms)
✔ FaceApp: wraps streaming HTML in full document with head first (1.904561ms)
✔ FaceApp: streaming + CSP nonce applies to hydration scripts (0.414929ms)
✔ FaceApp: streaming emits document shell attrs before the body stream (0.217245ms)
✔ FaceApp: non-strict streaming preflights without buffering the full body (0.218495ms)
✔ FaceApp: strict CSP streaming responses are coerced to validated buffered HTML (0.992094ms)
✔ FaceApp: strict CSP streaming with nonce validates the full document before responding (0.661553ms)
✔ FaceApp: strict CSP streaming uses a default bounded collector (1.402043ms)
✔ FaceApp: strict CSP streaming limit counts raw bytes and fails closed (0.249143ms)
✔ FaceApp: strict CSP streaming violations fail before bytes flush (0.38861ms)
✔ FaceApp: strict CSP streaming with nonce rejects unsafe body scripts before bytes flush (0.300672ms)
✔ FaceApp: strict React stream externalizes hydration sidecar and keeps bootstrap module external (6.516072ms)
✔ react adapter: strict CSP shell stream fails closed on Suspense reveal scripts (42.610667ms)
✔ react adapter: streaming includes AntD + Emotion styles in head before body (19.125995ms)
✔ react adapter: default all-ready style strategy captures late Suspense styles in first chunk (28.338656ms)
✔ react adapter: shell strategy is configurable and does not include late styles in head (28.673678ms)
✔ react adapter: integrations receive isolated per-render state across the render lifecycle (1.615038ms)
✔ react adapter: shell strategy drains late readiness failures without unhandled rejections (74.313626ms)
✔ react adapter: streaming applies CSP nonce to all inline style/script tags (86.52655ms)
✔ FaceApp: streaming body error emits marker and closes document (0.658273ms)
✔ strict CSP harness: rejects inline script/style/raw head/event/style attributes (74.170309ms)
✔ strict CSP harness: fixture fetch serves same-origin HTML and hydration JSON (6.438633ms)
✔ strict CSP harness: navigates with external hydration before module hook (23.327496ms)
✔ svelte SSR fixtures cover every migration-target component (6.398614ms)
✔ svelte SSR fixtures preserve current output across SSR, SSG, and ISR (425.965006ms)
✔ svelte stitch-admin: NonAuthoritativeBanner renders metadata parity markers (52.047571ms)
✔ svelte stitch-admin: MetadataBadgeGroup renders provenance, correlation, and stable freshness (9.814296ms)
✔ svelte stitch-admin: MetadataBadge blocks executable href protocols (4.303128ms)
✔ svelte stitch-admin: OperatorEmptyState renders explicit no-mock intent (3.501439ms)
✔ svelte stitch-admin: GuardedOperatorShell renders authorized content (4.849955ms)
✔ svelte stitch-admin: GuardedOperatorShell renders unauthorized state (4.452584ms)
✔ svelte stitch-admin: GuardedOperatorShell renders loading state (4.466264ms)
✔ svelte stitch-admin: GuardedOperatorShell renders error state (4.594511ms)
✔ svelte stitch-admin: HealthStatusPanel renders degraded and stale health states (15.43393ms)
✔ svelte stitch-admin: HealthStatusPanel renders empty observations (9.033846ms)
✔ svelte stitch-admin: VisibilityMatrix renders cell metadata and states (9.994291ms)
✔ svelte stitch-admin: VisibilityMatrix renders explicit empty matrix cells (10.899998ms)
✔ svelte stitch-admin: WizardEditableTokenInputPanel renders parity DOM with React adapter (12.594024ms)
✔ svelte stitch-admin: WizardEditableTokenInputPanel Backspace honours per-token removability metadata (164.330491ms)
✔ svelte stitch-admin: WizardEditableTokenInputPanel surfaces invalid + duplicate feedback with role=alert (23.651917ms)
✔ svelte stitch-admin: WizardEditableTokenInputPanel is byte-identical across repeated SSR renders (15.45094ms)
✔ svelte wizard parity: WizardProgress renders steps with stable data attrs (3.707594ms)
✔ svelte wizard parity: WizardPackageSummaryPanel renders file totals + safety footnote (8.446781ms)
✔ svelte wizard parity: WizardFindingListPanel renders severity chips and evidence (7.612412ms)
✔ svelte wizard parity: WizardReconcileSummaryPanel replaces redacted detail with marker (7.326541ms)
✔ svelte wizard parity: WizardCapabilityReviewPanel suppresses sensitive/redacted detail (3.346573ms)
✔ svelte wizard parity: WizardEnablementChecklistPanel renders caller summary + allReady (3.10477ms)
✔ svelte wizard parity: WizardRecoveryStatusPanel uses role=alert for failed state (6.207219ms)
✔ svelte wizard parity: WizardEmptyState renders safety-policy footnote (2.274461ms)
✔ svelte wizard parity: WizardReconciliationPlanPanel marks conflict/blocked/external prominent (8.320764ms)
✔ svelte wizard parity: WizardAuthorityContextStripPanel renders text-labeled authority + copy button (4.703548ms)
✔ svelte wizard parity: WizardPackageSummaryPanel renders summary.metadata via MetadataBadgeGroup (9.043456ms)
✔ svelte wizard parity: WizardFindingListPanel renders per-finding.metadata via MetadataBadgeGroup (7.608923ms)
✔ svelte wizard parity: WizardRecoveryStatusPanel renders status.metadata via MetadataBadgeGroup (6.776855ms)
✔ svelte wizard parity: WizardReconciliationPlanPanel renders row.metadata via MetadataBadgeGroup (11.703077ms)
✔ svelte selectable-card-grid: single-select renders as radiogroup with role=radio cards (9.806785ms)
✔ svelte selectable-card-grid: multi-select renders as checkbox group (9.934483ms)
✔ svelte ChoiceCard renders standalone card with selection family + safety policy (8.591767ms)
✔ svelte package-source-input: renders paste/dropzone/upload with stable data attrs (7.965894ms)
✔ svelte package-source-input: never renders caller-supplied evidence for kind=redacted (6.9352ms)
✔ svelte code-dropzone: renders state-labeled dropzone with file metadata (5.161446ms)
✔ svelte package-source-input: only invalid-syntax renders evidence; forbidden/unsafe/other suppressed (9.719098ms)
✔ svelte code-dropzone: only invalid-syntax renders evidence; forbidden/unsafe/other suppressed (5.135867ms)
✔ svelte audit-trail: AuditTrailPanel renders parity data attrs + safety footnote (11.213409ms)
✔ svelte audit-trail: group toggles carry aria-expanded + aria-controls (10.05578ms)
✔ svelte audit-trail: redacted event suppresses title/icon/body/metadata/externalLink (10.318313ms)
✔ svelte audit-trail: javascript: external links dropped; safe links get noopener+target=_blank (12.35428ms)
✔ svelte audit-trail: AuditTrailPanel byte-identical across repeated SSR renders (19.976762ms)
✔ svelte audit-trail: DisclosurePanel renders expanded state and safety footnote (2.686341ms)
✔ svelte audit-trail: DisclosurePanel with status=error sets role=alert (2.621272ms)
✔ svelte adapter: renders component + extracts css (45.885211ms)
✔ svelte adapter: renders a synchronous pre-rendered SvelteLegacySSRComponent input (0.282043ms)
✔ svelte adapter: integration hooks provide deterministic head/style ordering and nonce coverage (62.682775ms)
✔ svelte adapter: strict CSP emits external hydration without inline data (1.202259ms)
✔ svelte adapter: strict SSR sidecars serve the exact Svelte hydration payload without rerendering (2.3047ms)
✔ svelte adapter: strict SSR without sidecar runtime fails closed before inline hydration succeeds (0.369411ms)
✔ svelte adapter: strict CSP rejects inline hydration before head emission (0.279663ms)
✔ svelte adapter: strict CSP rejects raw SSR head and CSS fallback (0.208065ms)
✔ tabletheory adapter: get returns null when missing (0.464058ms)
✔ tabletheory adapter: get maps metadata into IsrMetaRecord with defaults (0.155296ms)
✔ tabletheory adapter: tryAcquireLease returns acquired:false with fallback record when missing (0.116677ms)
✔ tabletheory adapter: tryAcquireLease returns acquired:true with lease fields (0.085058ms)
✔ tabletheory adapter: commitGeneration rejects revalidateSeconds <= 0 (0.305802ms)
✔ tabletheory adapter: commitGeneration maps args to TableTheory store (0.102917ms)
✔ tabletheory adapter: invalidate throws pending-coordination error (0.177725ms)
✔ testing subpath: buildFaceRequest and renderFace render a Face without Lambda events (2.035687ms)
✔ testing subpath: assertHydrationEquivalent detects DOM drift and hydration warnings (419.263741ms)
✔ testing subpath: strict CSP assertions and fixture fetch are reusable by consumers (14.428906ms)
✔ vite SSR example: builds client+server and renders without missing assets (516.754ms)
✔ vite SSR svelte example: builds client+server and renders without missing assets (970.660454ms)
✔ vite SSR svelte external library example: builds, injects assets, and hydrates interactivity (766.785489ms)
✔ vite SSR vue example: builds client+server and renders without missing assets (372.883377ms)
✔ vite strict CSP svelte example: renders external assets and framework SSR hydration sidecars (585.803159ms)
✔ vite strict CSP svelte example server: malformed request targets return 400 without exiting (680.318299ms)
✔ vite strict CSP svelte example: browser harness hydrates and navigates with external data (558.645948ms)
✔ vite: resolves bootstrap module + injects preload + css links (0.929106ms)
✔ vite: includeAssets emits deterministic asset hints and ignores dynamic imports (0.426729ms)
✔ vite: base works for root, subpath, and absolute CDN base (0.187165ms)
✔ vite: hydration helper sets bootstrap module (0.110237ms)
✔ vite: dev assets stay separate from production manifest assets (0.168285ms)
✔ vite: dev hydration helper uses source entry bootstrap module (0.069548ms)
✔ vite: external hydration helper preserves dataUrl and bootstrap metadata (0.184406ms)
✔ vite: external hydration helper accepts same-origin absolute dataUrl (0.095497ms)
✔ vite: external hydration helper accepts same-origin relative dataUrl with allowed origin (0.098037ms)
✔ vite: external hydration helper rejects unsafe and cross-origin dataUrl (0.357541ms)
✔ vite: external hydration helper rejects backslash-prefixed network-path dataUrl (0.193565ms)
✔ vite: external hydration helper rejects backslash-prefixed network-path dataUrl without allowed origin (0.132187ms)
✔ vite: dynamic import policy is ignore (0.050079ms)
✔ vue stitch-admin: operator visibility notices render parity metadata (5.602924ms)
✔ vue stitch-admin: MetadataBadgeGroup renders provenance, correlation, and stable freshness (0.713512ms)
✔ vue stitch-admin: MetadataBadge blocks executable href protocols (0.342581ms)
✔ vue stitch-admin: OperatorEmptyState renders explicit no-mock intent (0.439049ms)
✔ vue stitch-admin: GuardedOperatorShell renders authorized default slot (0.474538ms)
✔ vue stitch-admin: GuardedOperatorShell renders default unauthorized, loading, and error states (0.564256ms)
✔ vue stitch-admin: GuardedOperatorShell accepts named fallback slots (0.315792ms)
✔ vue stitch-admin: HealthStatusPanel renders degraded/stale health states (0.924796ms)
✔ vue stitch-admin: HealthStatusPanel renders empty health observations (0.346451ms)
✔ vue stitch-admin: VisibilityMatrix renders cell metadata and states (1.13627ms)
✔ vue stitch-admin: VisibilityMatrix renders explicit empty matrix cells (0.37194ms)
✔ vue stitch-admin: DataTable renders toolbar content, rows, and row actions (0.593965ms)
✔ vue stitch-admin: detail, form, status, and destructive primitives render parity markers (1.301086ms)
✔ vue stitch-admin: tabs, chips, key-value rows, copy code, logs, and policy variants render parity markers (1.435362ms)
✔ vue stitch-admin: WizardEditableTokenInputPanel renders parity DOM with React adapter (0.704941ms)
✔ vue stitch-admin: WizardEditableTokenInputPanel Backspace honours per-token removability metadata (0.891897ms)
✔ vue stitch-admin: WizardEditableTokenInputPanel surfaces invalid+duplicate feedback with role=alert (0.666813ms)
✔ vue stitch-admin: WizardEditableTokenInputPanel is byte-identical across repeated SSR renders (0.447809ms)
✔ vue stitch-admin: WizardChipListPanel alias renders the same DOM as the canonical panel (0.491267ms)
✔ vue wizard parity: WizardProgress renders caller-supplied steps with stable data attrs (0.414839ms)
✔ vue wizard parity: WizardPackageSummaryPanel renders totals + per-file metadata (0.395499ms)
✔ vue wizard parity: WizardFindingListPanel renders severity counts and findings (0.38377ms)
✔ vue wizard parity: WizardReconcileSummaryPanel redacts entries marked sensitive (0.373491ms)
✔ vue wizard parity: WizardCapabilityReviewPanel suppresses sensitive/redacted details (0.374411ms)
✔ vue wizard parity: WizardEnablementChecklistPanel renders caller summary + all-ready data attr (0.319912ms)
✔ vue wizard parity: WizardRecoveryStatusPanel uses role=alert for failed state (0.303142ms)
✔ vue wizard parity: WizardEmptyState renders safety-policy footnote (0.268973ms)
✔ vue wizard parity: WizardReconciliationPlanPanel marks conflict/blocked/external prominent (0.463278ms)
✔ vue wizard parity: WizardDiffListPanel alias renders identically to canonical (0.40581ms)
✔ vue wizard parity: WizardAuthorityContextStripPanel renders text-labeled authority + read-only cues (0.445829ms)
✔ vue wizard parity: WizardServerResolvedContextBarPanel alias renders identically (0.301872ms)
✔ vue wizard parity: WizardPackageSummaryPanel renders summary.metadata via MetadataBadgeGroup (0.294042ms)
✔ vue wizard parity: WizardFindingListPanel renders per-finding.metadata via MetadataBadgeGroup (0.306442ms)
✔ vue wizard parity: WizardRecoveryStatusPanel renders status.metadata via MetadataBadgeGroup (0.261623ms)
✔ vue wizard parity: WizardReconciliationPlanPanel renders row.metadata via MetadataBadgeGroup (0.277043ms)
✔ vue selectable-card-grid: single-select renders as radiogroup with role=radio cards (0.554376ms)
✔ vue selectable-card-grid: renders recommended/risk/blocked TEXT pills + disabled reason wiring (0.308662ms)
✔ vue selectable-card-grid: multi-select renders as checkbox group (0.281973ms)
✔ vue selectable-card-grid: byte-identical SSR for the same input (0.426229ms)
✔ vue ChoiceCard renders standalone card with selection family + safety policy (0.304482ms)
✔ vue package-source-input: renders paste/dropzone/upload modes with stable data attrs (0.557426ms)
✔ vue package-source-input: renders forbidden + redacted error kinds, never raw secret evidence (0.299852ms)
✔ vue package-source-input: byte-identical SSR for same input (1.039543ms)
✔ vue code-dropzone: renders state-labeled dropzone with file metadata (0.424929ms)
✔ vue package-source-input: only invalid-syntax renders evidence; forbidden/unsafe/other suppressed (0.281223ms)
✔ vue audit-trail: AuditTrailPanel renders parity data attrs + safety footnote (0.666573ms)
✔ vue audit-trail: group toggles carry aria-expanded + aria-controls (0.374271ms)
✔ vue audit-trail: redacted event suppresses title/icon/body/metadata/externalLink (0.39407ms)
✔ vue audit-trail: javascript: external links dropped; safe links get noopener+target=_blank (0.346991ms)
✔ vue audit-trail: AuditTrailPanel byte-identical across repeated SSR renders (0.541136ms)
✔ vue audit-trail: DisclosurePanel renders expanded content and safety footnote (0.364071ms)
✔ vue audit-trail: DisclosurePanel with status=error sets role=alert (0.290093ms)
✔ vue stitch-hosted-auth: AuthPageLayout and AuthCard render hosted-auth chrome (4.961291ms)
✔ vue stitch-hosted-auth: flow, otp, consent, and state components render parity markers (2.001648ms)
✔ vue stitch-shell: shared nav resolution still works (0.863408ms)
✔ vue stitch-shell: Shell renders nav, topbar, and content (5.297672ms)
✔ vue stitch-shell: PageFrame and section primitives render tokenized content (1.473442ms)
✔ vue stitch-shell: Callout renders variant classes, note/alert roles, and actions (0.578085ms)
✔ vue stitch-shell: Topbar renders logo and surfaceLabel on the left edge in order (0.353781ms)
✔ vue stitch-shell: Topbar omits logo/surfaceLabel wrappers when not provided (0.278783ms)
✔ vue stitch-shell: Topbar omits wrappers when logo/surfaceLabel/left are falsy (false, null, "") (0.719081ms)
✔ vue stitch-shell: Topbar omits wrappers for arrays-of-falsies and empty fragments (0.793919ms)
✔ vue stitch-shell: Topbar still renders wrappers when arrays / fragments contain renderable content (0.288573ms)
✔ vue stitch-shell: Shell forwards topbarLogo and topbarSurfaceLabel into Topbar (0.543996ms)
✔ vue stitch-shell: BrandHeader renders logo + wordmark without a surface chip by default (0.38273ms)
✔ vue stitch-shell: BrandHeader omits the surface chip when surfaceLabel is falsy (false, null, "") (0.606275ms)
✔ vue stitch-shell: BrandHeader omits the surface chip for arrays-of-falsies and empty fragments (0.475368ms)
✔ vue stitch-shell: BrandHeader surfaceTone normalizes to safe stitch CSS variable suffixes (0.297673ms)
✔ vue stitch-shell: BrandHeader falls back to neutral tokens when surfaceTone normalizes empty (0.245564ms)
✔ vue stitch-shell: BrandHeader without surfaceTone falls back to neutral surface-container tokens (0.213745ms)
✔ vue stitch-shell: BrandHeader composes with Topbar via the logo slot (0.279863ms)
✔ vue adapter: streaming body renders and FaceApp wraps document (4.24032ms)
✔ vue adapter: renderVueStream returns the AsyncIterable body contract (0.292213ms)
FaceTheory: streaming body error Error: vue stream failed after first chunk
    at <anonymous> (/home/aron/ai-workspace/codebases/theory.cloud/factory/products/frameworks/FaceTheory/ts/test/unit/vue-stream.test.ts:52:15)
    at AsyncGenerator.next (<anonymous>)
    at <anonymous> (/home/aron/ai-workspace/codebases/theory.cloud/factory/products/frameworks/FaceTheory/ts/src/app.ts:1322:35)
    at AsyncGenerator.next (<anonymous>)
    at streamHTMLDocument (/home/aron/ai-workspace/codebases/theory.cloud/factory/products/frameworks/FaceTheory/ts/src/html.ts:100:22)
    at streamHTMLDocument.next (<anonymous>)
    at collect (/home/aron/ai-workspace/codebases/theory.cloud/factory/products/frameworks/FaceTheory/ts/test/unit/vue-stream.test.ts:36:20)
    at async TestContext.<anonymous> (/home/aron/ai-workspace/codebases/theory.cloud/factory/products/frameworks/FaceTheory/ts/test/unit/vue-stream.test.ts:248:16)
    at async Test.run (node:internal/test_runner/test:1208:7)
    at async Test.processPendingSubtests (node:internal/test_runner/test:831:7)
✔ vue adapter: streaming waits for async wrapApp style contribution before head assembly (55.915475ms)
✔ vue adapter: strict CSP streaming buffers safe output (1.485691ms)
✔ vue adapter: streaming body error emits marker and closes document (3.493559ms)
✔ vue adapter: renders VNode + head tags (3.87319ms)
✔ vue adapter: integration hooks provide deterministic head/style ordering and nonce coverage (57.454494ms)
✔ vue adapter: wrapApp can provide deterministic style contribution (6.963399ms)
✔ vue adapter: strict CSP emits external hydration without inline data (1.064063ms)
✔ vue adapter: strict SSR sidecars serve the exact Vue hydration payload without rerendering (2.504235ms)
✔ vue adapter: strict SSR without sidecar runtime fails closed before inline hydration succeeds (0.501277ms)
✔ vue adapter: ISR strict CSP lets runtime externalize legacy hydration sidecars (6.276127ms)
✔ vue adapter: SSG strict CSP lets build externalize legacy hydration sidecars (9.031375ms)
✔ vue adapter: strict CSP rejects inline hydration and styles (0.646233ms)
ℹ tests 710
ℹ suites 0
ℹ pass 709
ℹ fail 0
ℹ cancelled 0
ℹ skipped 1
ℹ todo 0
ℹ duration_ms 53472.681405
infra-synth-snapshots: running
cd ts && npm run build
npm notice run @theory-cloud/facetheory@4.2.0 build
npm notice run tsc -p tsconfig.build.json && node scripts/copy-svelte-sources.mjs
cd infra/apptheory-ssr-site && npm ci --ignore-scripts && npm test

added 59 packages, and audited 80 packages in 1s

2 packages are looking for funding
  run `npm fund` for details

found 0 vulnerabilities
npm notice run test
npm notice run tsx test/run.ts
npm notice run @theory-cloud/facetheory@4.2.0 build
npm notice run tsc -p tsconfig.build.json && node scripts/copy-svelte-sources.mjs
Bundling asset FaceTheoryAppTheorySsrSite/SsrFunction/Code/Stage...
npm notice run npx
npm notice run 'esbuild' --bundle /home/aron/ai-workspace/codebases/theory.cloud/factory/products/frameworks/FaceTheory/infra/apptheory-ssr-site/src/handler.ts --target=node24 --platform=node --outfile=/tmp/cdk.out9kg7yM/bundling-temp-a9d018dbf61f9349d87e823f2c0ef43abc5dffc105ee5432594b5792a7b2d5bb-building/index.js --external:@aws-sdk/*

  ...7e823f2c0ef43abc5dffc105ee5432594b5792a7b2d5bb-building/index.js  528.7kb

⚡ Done in 21ms
✔ H2: AppTheorySsrSite stack synth is snapshotted (4027.908558ms)
ℹ tests 1
ℹ suites 0
ℹ pass 1
ℹ fail 0
ℹ cancelled 0
ℹ skipped 0
ℹ todo 0
ℹ duration_ms 4031.25786
cd infra/apptheory-ssg-isr-site && npm ci --ignore-scripts && npm test

added 59 packages, and audited 80 packages in 1s

2 packages are looking for funding
  run `npm fund` for details

found 0 vulnerabilities
npm notice run test
npm notice run tsx test/run.ts
npm notice run @theory-cloud/facetheory@4.2.0 build
npm notice run tsc -p tsconfig.build.json && node scripts/copy-svelte-sources.mjs
Bundling asset FaceTheoryAppTheorySsgIsrSite/SsrFunction/Code/Stage...
npm notice run npx
npm notice run 'esbuild' --bundle /home/aron/ai-workspace/codebases/theory.cloud/factory/products/frameworks/FaceTheory/infra/apptheory-ssg-isr-site/src/ssr-handler.ts --target=node24 --platform=node --outfile=/tmp/cdk.outKzo6pQ/bundling-temp-f72b010eb99f57c493dcd4b47676da7875167f7c03de75eaecad5c65bd6e7148-building/index.js --external:@aws-sdk/*

  ...dcd4b47676da7875167f7c03de75eaecad5c65bd6e7148-building/index.js  680.7kb

⚡ Done in 22ms
✔ H3: SSG+ISR stack synth is snapshotted (4069.609113ms)
ℹ tests 1
ℹ suites 0
ℹ pass 1
ℹ fail 0
ℹ cancelled 0
ℹ skipped 0
ℹ todo 0
ℹ duration_ms 4072.766511
infra-synth-snapshots: PASS (15s)
