Verifier: gov_check_security
Repository: /home/aron/ai-workspace/codebases/theory.cloud/factory/products/frameworks/FaceTheory
Rubric ID: SEC-1

npm-audit: PASS (ts)
npm-audit: PASS (infra/apptheory-ssr-site)
npm-audit: PASS (infra/apptheory-ssg-isr-site)
  self-test scan scope: lockfiles 3
  self-test synthetic dependency-excludes-floor: FAIL dependency node_modules/floor-too-high >=24
  self-test synthetic dependency-excludes-floor-by-prerelease: FAIL dependency node_modules/floor-too-high >=23.0.0-0
  self-test synthetic dependency-admits-floor: PASS
  self-test synthetic project-floor-below-floor: FAIL project <root> >=20
  self-test synthetic missing-lockfile: FAIL CLOSED (could not read lockfile)
  self-test synthetic unparseable-lockfile: FAIL CLOSED (could not parse lockfile)
  self-test synthetic packages-map-absent: FAIL CLOSED (missing its packages map)
  self-test synthetic packages-map-is-array: FAIL CLOSED (packages must be an object, not an array)
  self-test synthetic packages-map-is-empty: FAIL CLOSED (packages map is empty)
  self-test synthetic non-string-engines-node: FAIL CLOSED (non-string engines.node)
  self-test synthetic non-object-engines: FAIL CLOSED (non-object engines)
  self-test synthetic root-without-engines-node: FAIL CLOSED (does not declare engines.node for its root entry)
  self-test synthetic root-entry-absent: FAIL CLOSED (does not declare engines.node for its root entry)
  ts/package-lock.json project engines.node ">=22" (449 dependency engine ranges)
  infra/apptheory-ssr-site/package-lock.json project engines.node ">=24" (111 dependency engine ranges)
  infra/apptheory-ssg-isr-site/package-lock.json project engines.node ">=24" (213 dependency engine ranges)
node-engines-floor: PASS (self-test 82 matcher and scope cases + 13 synthetic lockfiles; floor Node 22.x; lockfiles 3; dependency engine ranges 773; distinct ranges 73)
workflow-action-pins: PASS
